\! ./src/arraybinding-test
connected
Parameter	Status
Result set:
10000
disconnecting
