\! ./src/boolsaschar-test
connected
Result set metadata:
id: INTEGER(10) digits: 0, nullable
t: VARCHAR(5) digits: 0, nullable
b: VARCHAR(5) digits: 0, nullable
Result set:
2	yes	1
Result set metadata:
id: INTEGER(10) digits: 0, nullable
t: VARCHAR(5) digits: 0, nullable
b: VARCHAR(5) digits: 0, nullable
Result set:
1	yeah	1
2	yes	1
3	true	1
disconnecting
