\! ./src/dataatexecution-test
connected
Result set:
2
3
disconnecting
