\! ./src/stmthandles-test
connected
10 statements allocated...
20 statements allocated...
30 statements allocated...
40 statements allocated...
50 statements allocated...
60 statements allocated...
70 statements allocated...
80 statements allocated...
90 statements allocated...
100 statements allocated...
10 statements executed...
20 statements executed...
30 statements executed...
40 statements executed...
50 statements executed...
60 statements executed...
70 statements executed...
80 statements executed...
90 statements executed...
100 statements executed...
Result set:
stmt no 1
Result set:
stmt no 11
Result set:
stmt no 21
Result set:
stmt no 31
Result set:
stmt no 41
Result set:
stmt no 51
Result set:
stmt no 61
Result set:
stmt no 71
Result set:
stmt no 81
Result set:
stmt no 91
disconnecting
